Error handling notification
Traceback (most recent call last):
  File "/home/levitanus/gits/SublimeTextConfig/sublime-text/Installed Packages/LSP.sublime-package/plugin/core/sessions.py", line 2658, in on_payload
  File "/home/levitanus/gits/SublimeTextConfig/sublime-text/Installed Packages/LSP.sublime-package/plugin/core/sessions.py", line 2455, in on_progress
  File "/home/levitanus/gits/SublimeTextConfig/sublime-text/Installed Packages/LSP.sublime-package/plugin/core/progress.py", line 67, in __call__
  File "/opt/sublime_text/Lib/python314/sublime.py", line 1611, in views
    return [View(x) for x in view_ids]
TypeError: 'NoneType' object is not iterable

During handling of the above exception, another exception occurred:

Traceback (most recent call last):
  File "./python3.14/linecache.py", line 138, in updatecache
NotADirectoryError: [Errno 20] Not a directory: '/home/levitanus/gits/SublimeTextConfig/sublime-text/Installed Packages/LSP.sublime-package/plugin/core/sessions.py'

During handling of the above exception, another exception occurred:

Traceback (most recent call last):
  File "/home/levitanus/gits/SublimeTextConfig/sublime-text/Installed Packages/LSP.sublime-package/plugin/core/transports.py", line 399, in invoke
  File "/home/levitanus/gits/SublimeTextConfig/sublime-text/Installed Packages/LSP.sublime-package/plugin/core/sessions.py", line 2670, in on_payload
  File "/home/levitanus/gits/SublimeTextConfig/sublime-text/Installed Packages/LSP.sublime-package/plugin/core/logging.py", line 46, in exception_log
  File "./python3.14/traceback.py", line 158, in format_exception
  File "./python3.14/traceback.py", line 1058, in __init__
  File "./python3.14/traceback.py", line 505, in _extract_from_extended_frame_gen
  File "./python3.14/traceback.py", line 374, in line
  File "./python3.14/traceback.py", line 352, in _set_lines
  File "./python3.14/linecache.py", line 26, in getline
  File "./python3.14/linecache.py", line 41, in getlines
  File "./python3.14/linecache.py", line 149, in updatecache
  File "./python3.14/linecache.py", line 238, in get_lines
  File "<frozen importlib._bootstrap_external>", line 841, in get_source
  File "<frozen importlib._bootstrap_external>", line 577, in decode_source
AttributeError: 'NoneType' object has no attribute 'decode'
Error handling notification
Traceback (most recent call last):
  File "/home/levitanus/gits/SublimeTextConfig/sublime-text/Installed Packages/LSP.sublime-package/plugin/core/sessions.py", line 2658, in on_payload
  File "/home/levitanus/gits/SublimeTextConfig/sublime-text/Installed Packages/LSP.sublime-package/plugin/core/sessions.py", line 2455, in on_progress
  File "/home/levitanus/gits/SublimeTextConfig/sublime-text/Installed Packages/LSP.sublime-package/plugin/core/progress.py", line 67, in __call__
  File "/opt/sublime_text/Lib/python314/sublime.py", line 1611, in views
    return [View(x) for x in view_ids]
TypeError: 'NoneType' object is not iterable

During handling of the above exception, another exception occurred:

Traceback (most recent call last):
  File "./python3.14/linecache.py", line 138, in updatecache
NotADirectoryError: [Errno 20] Not a directory: '/home/levitanus/gits/SublimeTextConfig/sublime-text/Installed Packages/LSP.sublime-package/plugin/core/sessions.py'

During handling of the above exception, another exception occurred:

Traceback (most recent call last):
  File "/home/levitanus/gits/SublimeTextConfig/sublime-text/Installed Packages/LSP.sublime-package/plugin/core/transports.py", line 399, in invoke
  File "/home/levitanus/gits/SublimeTextConfig/sublime-text/Installed Packages/LSP.sublime-package/plugin/core/sessions.py", line 2670, in on_payload
  File "/home/levitanus/gits/SublimeTextConfig/sublime-text/Installed Packages/LSP.sublime-package/plugin/core/logging.py", line 46, in exception_log
  File "./python3.14/traceback.py", line 158, in format_exception
  File "./python3.14/traceback.py", line 1058, in __init__
  File "./python3.14/traceback.py", line 505, in _extract_from_extended_frame_gen
  File "./python3.14/traceback.py", line 374, in line
  File "./python3.14/traceback.py", line 352, in _set_lines
  File "./python3.14/linecache.py", line 26, in getline
  File "./python3.14/linecache.py", line 41, in getlines
  File "./python3.14/linecache.py", line 149, in updatecache
  File "./python3.14/linecache.py", line 238, in get_lines
  File "<frozen importlib._bootstrap_external>", line 841, in get_source
  File "<frozen importlib._bootstrap_external>", line 577, in decode_source
AttributeError: 'NoneType' object has no attribute 'decode'
Error handling notification
Traceback (most recent call last):
  File "/home/levitanus/gits/SublimeTextConfig/sublime-text/Installed Packages/LSP.sublime-package/plugin/core/sessions.py", line 2658, in on_payload
  File "/home/levitanus/gits/SublimeTextConfig/sublime-text/Installed Packages/LSP.sublime-package/plugin/core/sessions.py", line 2455, in on_progress
  File "/home/levitanus/gits/SublimeTextConfig/sublime-text/Installed Packages/LSP.sublime-package/plugin/core/progress.py", line 67, in __call__
  File "/opt/sublime_text/Lib/python314/sublime.py", line 1611, in views
    return [View(x) for x in view_ids]
TypeError: 'NoneType' object is not iterable

During handling of the above exception, another exception occurred:

Traceback (most recent call last):
  File "./python3.14/linecache.py", line 138, in updatecache
NotADirectoryError: [Errno 20] Not a directory: '/home/levitanus/gits/SublimeTextConfig/sublime-text/Installed Packages/LSP.sublime-package/plugin/core/sessions.py'

During handling of the above exception, another exception occurred:

Traceback (most recent call last):
  File "/home/levitanus/gits/SublimeTextConfig/sublime-text/Installed Packages/LSP.sublime-package/plugin/core/transports.py", line 399, in invoke
  File "/home/levitanus/gits/SublimeTextConfig/sublime-text/Installed Packages/LSP.sublime-package/plugin/core/sessions.py", line 2670, in on_payload
  File "/home/levitanus/gits/SublimeTextConfig/sublime-text/Installed Packages/LSP.sublime-package/plugin/core/logging.py", line 46, in exception_log
  File "./python3.14/traceback.py", line 158, in format_exception
  File "./python3.14/traceback.py", line 1058, in __init__
  File "./python3.14/traceback.py", line 505, in _extract_from_extended_frame_gen
  File "./python3.14/traceback.py", line 374, in line
  File "./python3.14/traceback.py", line 352, in _set_lines
  File "./python3.14/linecache.py", line 26, in getline
  File "./python3.14/linecache.py", line 41, in getlines
  File "./python3.14/linecache.py", line 149, in updatecache
  File "./python3.14/linecache.py", line 238, in get_lines
  File "<frozen importlib._bootstrap_external>", line 841, in get_source
  File "<frozen importlib._bootstrap_external>", line 577, in decode_source
AttributeError: 'NoneType' object has no attribute 'decode'
Error handling notification
Traceback (most recent call last):
  File "/home/levitanus/gits/SublimeTextConfig/sublime-text/Installed Packages/LSP.sublime-package/plugin/core/sessions.py", line 2658, in on_payload
  File "/home/levitanus/gits/SublimeTextConfig/sublime-text/Installed Packages/LSP.sublime-package/plugin/core/sessions.py", line 2455, in on_progress
  File "/home/levitanus/gits/SublimeTextConfig/sublime-text/Installed Packages/LSP.sublime-package/plugin/core/progress.py", line 67, in __call__
  File "/opt/sublime_text/Lib/python314/sublime.py", line 1611, in views
    return [View(x) for x in view_ids]
TypeError: 'NoneType' object is not iterable

During handling of the above exception, another exception occurred:

Traceback (most recent call last):
  File "./python3.14/linecache.py", line 138, in updatecache
NotADirectoryError: [Errno 20] Not a directory: '/home/levitanus/gits/SublimeTextConfig/sublime-text/Installed Packages/LSP.sublime-package/plugin/core/sessions.py'

During handling of the above exception, another exception occurred:

Traceback (most recent call last):
  File "/home/levitanus/gits/SublimeTextConfig/sublime-text/Installed Packages/LSP.sublime-package/plugin/core/transports.py", line 399, in invoke
  File "/home/levitanus/gits/SublimeTextConfig/sublime-text/Installed Packages/LSP.sublime-package/plugin/core/sessions.py", line 2670, in on_payload
  File "/home/levitanus/gits/SublimeTextConfig/sublime-text/Installed Packages/LSP.sublime-package/plugin/core/logging.py", line 46, in exception_log
  File "./python3.14/traceback.py", line 158, in format_exception
  File "./python3.14/traceback.py", line 1058, in __init__
  File "./python3.14/traceback.py", line 505, in _extract_from_extended_frame_gen
  File "./python3.14/traceback.py", line 374, in line
  File "./python3.14/traceback.py", line 352, in _set_lines
  File "./python3.14/linecache.py", line 26, in getline
  File "./python3.14/linecache.py", line 41, in getlines
  File "./python3.14/linecache.py", line 149, in updatecache
  File "./python3.14/linecache.py", line 238, in get_lines
  File "<frozen importlib._bootstrap_external>", line 841, in get_source
  File "<frozen importlib._bootstrap_external>", line 577, in decode_source
AttributeError: 'NoneType' object has no attribute 'decode'
Traceback (most recent call last):
  File "/opt/sublime_text/Lib/python314/sublime_plugin.py", line 205, in exception_handler
    return event_handler(*args)
  File "/opt/sublime_text/Packages/Default.sublime-package/save_on_focus_lost.py", line 8, in on_deactivated_async
  File "/opt/sublime_text/Lib/python314/sublime.py", line 2753, in file_name
    if len(name) == 0:
TypeError: object of type 'NoneType' has no len()

During handling of the above exception, another exception occurred:

Traceback (most recent call last):
  File "./python3.14/linecache.py", line 138, in updatecache
NotADirectoryError: [Errno 20] Not a directory: '/opt/sublime_text/Packages/Default.sublime-package/save_on_focus_lost.py'

During handling of the above exception, another exception occurred:

Traceback (most recent call last):
  File "/opt/sublime_text/Lib/python314/sublime_plugin.py", line 955, in on_deactivated_async
    run_view_callbacks('on_deactivated_async', view_id)
  File "/opt/sublime_text/Lib/python314/sublime_plugin.py", line 715, in run_view_callbacks
    callback(v, *args)
  File "/opt/sublime_text/Lib/python314/sublime_plugin.py", line 210, in exception_handler
    tb += traceback.extract_tb(e.__traceback__)
  File "./python3.14/traceback.py", line 82, in extract_tb
  File "./python3.14/traceback.py", line 505, in _extract_from_extended_frame_gen
  File "./python3.14/traceback.py", line 374, in line
  File "./python3.14/traceback.py", line 352, in _set_lines
  File "./python3.14/linecache.py", line 26, in getline
  File "./python3.14/linecache.py", line 41, in getlines
  File "./python3.14/linecache.py", line 149, in updatecache
  File "./python3.14/linecache.py", line 238, in get_lines
  File "<frozen importlib._bootstrap_external>", line 841, in get_source
  File "<frozen importlib._bootstrap_external>", line 577, in decode_source
AttributeError: 'NoneType' object has no attribute 'decode'
Error handling notification
Traceback (most recent call last):
  File "/home/levitanus/gits/SublimeTextConfig/sublime-text/Installed Packages/LSP.sublime-package/plugin/core/sessions.py", line 2658, in on_payload
  File "/home/levitanus/gits/SublimeTextConfig/sublime-text/Installed Packages/LSP.sublime-package/plugin/core/sessions.py", line 2455, in on_progress
  File "/home/levitanus/gits/SublimeTextConfig/sublime-text/Installed Packages/LSP.sublime-package/plugin/core/progress.py", line 67, in __call__
  File "/opt/sublime_text/Lib/python314/sublime.py", line 1611, in views
    return [View(x) for x in view_ids]
TypeError: 'NoneType' object is not iterable

During handling of the above exception, another exception occurred:

Traceback (most recent call last):
  File "./python3.14/linecache.py", line 138, in updatecache
NotADirectoryError: [Errno 20] Not a directory: '/home/levitanus/gits/SublimeTextConfig/sublime-text/Installed Packages/LSP.sublime-package/plugin/core/sessions.py'

During handling of the above exception, another exception occurred:

Traceback (most recent call last):
  File "/home/levitanus/gits/SublimeTextConfig/sublime-text/Installed Packages/LSP.sublime-package/plugin/core/transports.py", line 399, in invoke
  File "/home/levitanus/gits/SublimeTextConfig/sublime-text/Installed Packages/LSP.sublime-package/plugin/core/sessions.py", line 2670, in on_payload
  File "/home/levitanus/gits/SublimeTextConfig/sublime-text/Installed Packages/LSP.sublime-package/plugin/core/logging.py", line 46, in exception_log
  File "./python3.14/traceback.py", line 158, in format_exception
  File "./python3.14/traceback.py", line 1058, in __init__
  File "./python3.14/traceback.py", line 505, in _extract_from_extended_frame_gen
  File "./python3.14/traceback.py", line 374, in line
  File "./python3.14/traceback.py", line 352, in _set_lines
  File "./python3.14/linecache.py", line 26, in getline
  File "./python3.14/linecache.py", line 41, in getlines
  File "./python3.14/linecache.py", line 149, in updatecache
  File "./python3.14/linecache.py", line 238, in get_lines
  File "<frozen importlib._bootstrap_external>", line 841, in get_source
  File "<frozen importlib._bootstrap_external>", line 577, in decode_source
AttributeError: 'NoneType' object has no attribute 'decode'
Error handling notification
Traceback (most recent call last):
  File "/home/levitanus/gits/SublimeTextConfig/sublime-text/Installed Packages/LSP.sublime-package/plugin/core/sessions.py", line 2658, in on_payload
  File "/home/levitanus/gits/SublimeTextConfig/sublime-text/Installed Packages/LSP.sublime-package/plugin/core/sessions.py", line 2455, in on_progress
  File "/home/levitanus/gits/SublimeTextConfig/sublime-text/Installed Packages/LSP.sublime-package/plugin/core/progress.py", line 67, in __call__
  File "/opt/sublime_text/Lib/python314/sublime.py", line 1611, in views
    return [View(x) for x in view_ids]
TypeError: 'NoneType' object is not iterable

During handling of the above exception, another exception occurred:

Traceback (most recent call last):
  File "./python3.14/linecache.py", line 138, in updatecache
NotADirectoryError: [Errno 20] Not a directory: '/home/levitanus/gits/SublimeTextConfig/sublime-text/Installed Packages/LSP.sublime-package/plugin/core/sessions.py'

During handling of the above exception, another exception occurred:

Traceback (most recent call last):
  File "/home/levitanus/gits/SublimeTextConfig/sublime-text/Installed Packages/LSP.sublime-package/plugin/core/transports.py", line 399, in invoke
  File "/home/levitanus/gits/SublimeTextConfig/sublime-text/Installed Packages/LSP.sublime-package/plugin/core/sessions.py", line 2670, in on_payload
  File "/home/levitanus/gits/SublimeTextConfig/sublime-text/Installed Packages/LSP.sublime-package/plugin/core/logging.py", line 46, in exception_log
  File "./python3.14/traceback.py", line 158, in format_exception
  File "./python3.14/traceback.py", line 1058, in __init__
  File "./python3.14/traceback.py", line 505, in _extract_from_extended_frame_gen
  File "./python3.14/traceback.py", line 374, in line
  File "./python3.14/traceback.py", line 352, in _set_lines
  File "./python3.14/linecache.py", line 26, in getline
  File "./python3.14/linecache.py", line 41, in getlines
  File "./python3.14/linecache.py", line 149, in updatecache
  File "./python3.14/linecache.py", line 238, in get_lines
  File "<frozen importlib._bootstrap_external>", line 841, in get_source
  File "<frozen importlib._bootstrap_external>", line 577, in decode_source
AttributeError: 'NoneType' object has no attribute 'decode'
Traceback (most recent call last):
  File "/home/levitanus/gits/SublimeTextConfig/sublime-text/Installed Packages/LSP.sublime-package/plugin/code_actions.py", line 530, in _request_menu_actions_async
  File "/home/levitanus/gits/SublimeTextConfig/sublime-text/Installed Packages/LSP.sublime-package/plugin/code_actions.py", line 520, in _get_region
  File "/home/levitanus/gits/SublimeTextConfig/sublime-text/Installed Packages/LSP.sublime-package/plugin/core/views.py", line 292, in first_selection_region
  File "/opt/sublime_text/Lib/python314/sublime.py", line 2350, in __getitem__
    if r.a == -1:
AttributeError: 'NoneType' object has no attribute 'a'
Error handling notification
Traceback (most recent call last):
  File "/home/levitanus/gits/SublimeTextConfig/sublime-text/Installed Packages/LSP.sublime-package/plugin/core/sessions.py", line 2658, in on_payload
  File "/home/levitanus/gits/SublimeTextConfig/sublime-text/Installed Packages/LSP.sublime-package/plugin/core/sessions.py", line 2455, in on_progress
  File "/home/levitanus/gits/SublimeTextConfig/sublime-text/Installed Packages/LSP.sublime-package/plugin/core/progress.py", line 67, in __call__
  File "/opt/sublime_text/Lib/python314/sublime.py", line 1611, in views
    return [View(x) for x in view_ids]
TypeError: 'NoneType' object is not iterable

During handling of the above exception, another exception occurred:

Traceback (most recent call last):
  File "./python3.14/linecache.py", line 138, in updatecache
NotADirectoryError: [Errno 20] Not a directory: '/home/levitanus/gits/SublimeTextConfig/sublime-text/Installed Packages/LSP.sublime-package/plugin/core/sessions.py'

During handling of the above exception, another exception occurred:

Traceback (most recent call last):
  File "/home/levitanus/gits/SublimeTextConfig/sublime-text/Installed Packages/LSP.sublime-package/plugin/core/transports.py", line 399, in invoke
  File "/home/levitanus/gits/SublimeTextConfig/sublime-text/Installed Packages/LSP.sublime-package/plugin/core/sessions.py", line 2670, in on_payload
  File "/home/levitanus/gits/SublimeTextConfig/sublime-text/Installed Packages/LSP.sublime-package/plugin/core/logging.py", line 46, in exception_log
  File "./python3.14/traceback.py", line 158, in format_exception
  File "./python3.14/traceback.py", line 1058, in __init__
  File "./python3.14/traceback.py", line 505, in _extract_from_extended_frame_gen
  File "./python3.14/traceback.py", line 374, in line
  File "./python3.14/traceback.py", line 352, in _set_lines
  File "./python3.14/linecache.py", line 26, in getline
  File "./python3.14/linecache.py", line 41, in getlines
  File "./python3.14/linecache.py", line 149, in updatecache
  File "./python3.14/linecache.py", line 238, in get_lines
  File "<frozen importlib._bootstrap_external>", line 841, in get_source
  File "<frozen importlib._bootstrap_external>", line 577, in decode_source
AttributeError: 'NoneType' object has no attribute 'decode'
Error handling notification
Traceback (most recent call last):
  File "/home/levitanus/gits/SublimeTextConfig/sublime-text/Installed Packages/LSP.sublime-package/plugin/core/sessions.py", line 2658, in on_payload
  File "/home/levitanus/gits/SublimeTextConfig/sublime-text/Installed Packages/LSP.sublime-package/plugin/core/sessions.py", line 2455, in on_progress
  File "/home/levitanus/gits/SublimeTextConfig/sublime-text/Installed Packages/LSP.sublime-package/plugin/core/progress.py", line 67, in __call__
  File "/opt/sublime_text/Lib/python314/sublime.py", line 1611, in views
    return [View(x) for x in view_ids]
TypeError: 'NoneType' object is not iterable

During handling of the above exception, another exception occurred:

Traceback (most recent call last):
  File "./python3.14/linecache.py", line 138, in updatecache
NotADirectoryError: [Errno 20] Not a directory: '/home/levitanus/gits/SublimeTextConfig/sublime-text/Installed Packages/LSP.sublime-package/plugin/core/sessions.py'

During handling of the above exception, another exception occurred:

Traceback (most recent call last):
  File "/home/levitanus/gits/SublimeTextConfig/sublime-text/Installed Packages/LSP.sublime-package/plugin/core/transports.py", line 399, in invoke
  File "/home/levitanus/gits/SublimeTextConfig/sublime-text/Installed Packages/LSP.sublime-package/plugin/core/sessions.py", line 2670, in on_payload
  File "/home/levitanus/gits/SublimeTextConfig/sublime-text/Installed Packages/LSP.sublime-package/plugin/core/logging.py", line 46, in exception_log
  File "./python3.14/traceback.py", line 158, in format_exception
  File "./python3.14/traceback.py", line 1058, in __init__
  File "./python3.14/traceback.py", line 505, in _extract_from_extended_frame_gen
  File "./python3.14/traceback.py", line 374, in line
  File "./python3.14/traceback.py", line 352, in _set_lines
  File "./python3.14/linecache.py", line 26, in getline
  File "./python3.14/linecache.py", line 41, in getlines
  File "./python3.14/linecache.py", line 149, in updatecache
  File "./python3.14/linecache.py", line 238, in get_lines
  File "<frozen importlib._bootstrap_external>", line 841, in get_source
  File "<frozen importlib._bootstrap_external>", line 577, in decode_source
AttributeError: 'NoneType' object has no attribute 'decode'
Error handling notification
Traceback (most recent call last):
  File "/home/levitanus/gits/SublimeTextConfig/sublime-text/Installed Packages/LSP.sublime-package/plugin/core/sessions.py", line 2658, in on_payload
  File "/home/levitanus/gits/SublimeTextConfig/sublime-text/Installed Packages/LSP.sublime-package/plugin/core/sessions.py", line 2455, in on_progress
  File "/home/levitanus/gits/SublimeTextConfig/sublime-text/Installed Packages/LSP.sublime-package/plugin/core/progress.py", line 67, in __call__
  File "/opt/sublime_text/Lib/python314/sublime.py", line 1611, in views
    return [View(x) for x in view_ids]
TypeError: 'NoneType' object is not iterable

During handling of the above exception, another exception occurred:

Traceback (most recent call last):
  File "./python3.14/linecache.py", line 138, in updatecache
NotADirectoryError: [Errno 20] Not a directory: '/home/levitanus/gits/SublimeTextConfig/sublime-text/Installed Packages/LSP.sublime-package/plugin/core/sessions.py'

During handling of the above exception, another exception occurred:

Traceback (most recent call last):
  File "/home/levitanus/gits/SublimeTextConfig/sublime-text/Installed Packages/LSP.sublime-package/plugin/core/transports.py", line 399, in invoke
  File "/home/levitanus/gits/SublimeTextConfig/sublime-text/Installed Packages/LSP.sublime-package/plugin/core/sessions.py", line 2670, in on_payload
  File "/home/levitanus/gits/SublimeTextConfig/sublime-text/Installed Packages/LSP.sublime-package/plugin/core/logging.py", line 46, in exception_log
  File "./python3.14/traceback.py", line 158, in format_exception
  File "./python3.14/traceback.py", line 1058, in __init__
  File "./python3.14/traceback.py", line 505, in _extract_from_extended_frame_gen
  File "./python3.14/traceback.py", line 374, in line
  File "./python3.14/traceback.py", line 352, in _set_lines
  File "./python3.14/linecache.py", line 26, in getline
  File "./python3.14/linecache.py", line 41, in getlines
  File "./python3.14/linecache.py", line 149, in updatecache
  File "./python3.14/linecache.py", line 238, in get_lines
  File "<frozen importlib._bootstrap_external>", line 841, in get_source
  File "<frozen importlib._bootstrap_external>", line 577, in decode_source
AttributeError: 'NoneType' object has no attribute 'decode'
Error handling notification
Traceback (most recent call last):
  File "/home/levitanus/gits/SublimeTextConfig/sublime-text/Installed Packages/LSP.sublime-package/plugin/core/sessions.py", line 2658, in on_payload
  File "/home/levitanus/gits/SublimeTextConfig/sublime-text/Installed Packages/LSP.sublime-package/plugin/core/sessions.py", line 2455, in on_progress
  File "/home/levitanus/gits/SublimeTextConfig/sublime-text/Installed Packages/LSP.sublime-package/plugin/core/progress.py", line 67, in __call__
  File "/opt/sublime_text/Lib/python314/sublime.py", line 1611, in views
    return [View(x) for x in view_ids]
TypeError: 'NoneType' object is not iterable

During handling of the above exception, another exception occurred:

Traceback (most recent call last):
  File "./python3.14/linecache.py", line 138, in updatecache
NotADirectoryError: [Errno 20] Not a directory: '/home/levitanus/gits/SublimeTextConfig/sublime-text/Installed Packages/LSP.sublime-package/plugin/core/sessions.py'

During handling of the above exception, another exception occurred:

Traceback (most recent call last):
  File "/home/levitanus/gits/SublimeTextConfig/sublime-text/Installed Packages/LSP.sublime-package/plugin/core/transports.py", line 399, in invoke
  File "/home/levitanus/gits/SublimeTextConfig/sublime-text/Installed Packages/LSP.sublime-package/plugin/core/sessions.py", line 2670, in on_payload
  File "/home/levitanus/gits/SublimeTextConfig/sublime-text/Installed Packages/LSP.sublime-package/plugin/core/logging.py", line 46, in exception_log
  File "./python3.14/traceback.py", line 158, in format_exception
  File "./python3.14/traceback.py", line 1058, in __init__
  File "./python3.14/traceback.py", line 505, in _extract_from_extended_frame_gen
